=== [Fri Oct  2 10:45:01 UTC 2026] Sincronizando con origin/main ===
From github.com:alenkhan1/tv-curador-magico
 * branch            main       -> FETCH_HEAD
Current branch main is up to date.
=== [Fri Oct  2 10:45:03 UTC 2026] Ejecutando Curador Deportivo Limpio ===
2026-10-02 10:45:03,630 [INFO] curador_eventos: === INICIANDO CURACION DEPORTIVA MULTIFUENTE (2026-10-02) ===
2026-10-02 10:45:03,866 [INFO] adaptador_espana: Movistar Plus: 30 directos extraidos
2026-10-02 10:45:03,866 [INFO] gestor_agenda: Adaptador 'movistar': 30 eventos obtenidos
2026-10-02 10:45:04,222 [INFO] canales_suramerica: WIN SPORTS+ (America/Bogota): 2 eventos confirmados para hoy
2026-10-02 10:45:04,559 [INFO] adaptador_skysports: Sky Sports UK: 0 directos extraidos
2026-10-02 10:45:04,559 [INFO] gestor_agenda: Adaptador 'sky_sports': 0 eventos obtenidos
2026-10-02 10:45:04,609 [INFO] adaptador_espana: Eurosport (MundoDeportivo): 7 directos confirmados
2026-10-02 10:45:04,610 [INFO] gestor_agenda: Adaptador 'eurosport': 7 eventos obtenidos
2026-10-02 10:45:04,625 [INFO] canales_suramerica: WIN SPORTS (America/Bogota): 0 eventos confirmados para hoy
2026-10-02 10:45:04,979 [INFO] canales_suramerica: ESPN (America/Bogota): 1 eventos confirmados para hoy
2026-10-02 10:45:05,168 [INFO] canales_suramerica: DAZN 1 (Europe/Madrid): 65 eventos confirmados para hoy
2026-10-02 10:45:05,727 [INFO] adaptador_espana: DAZN España (exclusivo hoy): 99 directos confirmados
2026-10-02 10:45:05,727 [INFO] gestor_agenda: Adaptador 'dazn_es': 99 eventos obtenidos
2026-10-02 10:45:06,075 [INFO] canales_suramerica: ESPN 2 (America/Bogota): 3 eventos confirmados para hoy
2026-10-02 10:45:06,421 [INFO] canales_suramerica: ESPN 4 (America/Bogota): 0 eventos confirmados para hoy
2026-10-02 10:45:07,305 [INFO] canales_suramerica: ESPN 5 (America/Bogota): 1 eventos confirmados para hoy
2026-10-02 10:45:10,211 [INFO] canales_suramerica: DSPORTS (America/Bogota): 0 eventos confirmados para hoy
2026-10-02 10:45:10,733 [INFO] canales_suramerica: ESPN (America/Argentina/Buenos_Aires): 1 eventos confirmados para hoy
2026-10-02 10:45:11,133 [INFO] canales_suramerica: ESPN 2 (America/Argentina/Buenos_Aires): 2 eventos confirmados para hoy
2026-10-02 10:45:11,556 [INFO] canales_suramerica: ESPN 3 (America/Argentina/Buenos_Aires): 1 eventos confirmados para hoy
2026-10-02 10:45:11,908 [INFO] canales_suramerica: ESPN 4 (America/Argentina/Buenos_Aires): 0 eventos confirmados para hoy
2026-10-02 10:45:12,286 [INFO] canales_suramerica: ESPN PREMIUM ARGENTINA (America/Argentina/Buenos_Aires): 2 eventos confirmados para hoy
2026-10-02 10:45:12,614 [INFO] canales_suramerica: TYC SPORTS (America/Argentina/Buenos_Aires): 1 eventos confirmados para hoy
2026-10-02 10:45:15,394 [INFO] canales_suramerica: TNT SPORTS (America/Argentina/Buenos_Aires): 1 eventos confirmados para hoy
2026-10-02 10:45:15,394 [INFO] gestor_agenda: Adaptador 'suramerica': 15 eventos obtenidos
2026-10-02 10:45:15,401 [INFO] gestor_agenda: Agenda Maestra consolidada para hoy (2026-10-02): 143 eventos unicos
2026-10-02 10:45:15,404 [INFO] curador_eventos: Cargados 729 canales desde cache local: canales_xtream_cache.json
2026-10-02 10:45:15,436 [INFO] inyector_lineales: Canales lineales Xtream indexados (limpios): {'WIN SPORTS+': 5, 'WIN SPORTS': 4, 'DSPORTS 2': 9, 'DSPORTS +': 6, 'DSPORTS': 12, 'ESPN PREMIUM ARGENTINA': 3, 'ESPN 2': 3, 'ESPN 3': 5, 'ESPN 4': 1, 'ESPN 5': 1, 'ESPN': 8, 'TYC SPORTS': 4, 'TNT SPORTS': 5, 'EUROSPORT 1': 4, 'EUROSPORT 2': 3, 'DAZN 1': 6, 'DAZN 2': 6, 'MOVISTAR #VAMOS': 3, 'MOVISTAR DEPORTES': 2, 'M+ LIGA DE CAMPEONES': 6, 'SKY SPORTS FOOTBALL': 1, 'SKY SPORTS GOLF': 1}
2026-10-02 10:45:39,463 [INFO] inyector_lineales: Total eventos lineales inyectados con streams: 120
2026-10-02 10:45:39,469 [INFO] curador_eventos: Streams de eventos Xtream procesados: 0 aceptados, 242 descartados
2026-10-02 10:45:39,481 [INFO] curador_eventos: === CURACION COMPLETADA CON EXITO ===
2026-10-02 10:45:39,481 [INFO] curador_eventos: Eventos publicados: 120 | Descartados: 242
=== [Fri Oct  2 10:45:39 UTC 2026] Verificando integridad de eventos_hoy.json ===
OK: 120 eventos verificados, 0 colisiones de ID
=== [Fri Oct  2 10:45:39 UTC 2026] Publicando cambios a GitHub ===
[main 3d471bd] Cartelera deportiva actualizada 2026-10-02 10:45 UTC
 2 files changed, 6 insertions(+), 4 deletions(-)
From github.com:alenkhan1/tv-curador-magico
 * branch            main       -> FETCH_HEAD
Current branch main is up to date.
To github.com:alenkhan1/tv-curador-magico.git
   c1e3958..3d471bd  main -> main
=== [Fri Oct  2 10:45:43 UTC 2026] Cambios publicados con exito en GitHub ===
=== [Fri Oct  2 11:15:01 UTC 2026] Sincronizando con origin/main ===
From github.com:alenkhan1/tv-curador-magico
 * branch            main       -> FETCH_HEAD
   3d471bd..f0d092d  main       -> origin/main
                                                                                Successfully rebased and updated refs/heads/main.
=== [Fri Oct  2 11:15:03 UTC 2026] Ejecutando Curador Deportivo Limpio ===
2026-10-02 11:15:03,490 [INFO] curador_eventos: === INICIANDO CURACION DEPORTIVA MULTIFUENTE (2026-10-02) ===
2026-10-02 11:15:04,080 [INFO] adaptador_espana: Movistar Plus: 29 directos extraidos
2026-10-02 11:15:04,082 [INFO] gestor_agenda: Adaptador 'movistar': 29 eventos obtenidos
2026-10-02 11:15:04,457 [INFO] adaptador_espana: Eurosport (MundoDeportivo): 7 directos confirmados
2026-10-02 11:15:04,461 [INFO] gestor_agenda: Adaptador 'eurosport': 7 eventos obtenidos
2026-10-02 11:15:04,617 [INFO] canales_suramerica: DAZN 1 (Europe/Madrid): 65 eventos confirmados para hoy
2026-10-02 11:15:05,240 [INFO] adaptador_espana: DAZN España (exclusivo hoy): 100 directos confirmados
2026-10-02 11:15:05,240 [INFO] gestor_agenda: Adaptador 'dazn_es': 100 eventos obtenidos
2026-10-02 11:15:05,259 [INFO] adaptador_skysports: Sky Sports UK: 0 directos extraidos
2026-10-02 11:15:05,259 [INFO] gestor_agenda: Adaptador 'sky_sports': 0 eventos obtenidos
2026-10-02 11:15:05,683 [INFO] canales_suramerica: WIN SPORTS+ (America/Bogota): 2 eventos confirmados para hoy
2026-10-02 11:15:07,803 [INFO] canales_suramerica: WIN SPORTS (America/Bogota): 0 eventos confirmados para hoy
2026-10-02 11:15:09,957 [INFO] canales_suramerica: ESPN (America/Bogota): 1 eventos confirmados para hoy
2026-10-02 11:15:11,826 [INFO] canales_suramerica: ESPN 2 (America/Bogota): 3 eventos confirmados para hoy
2026-10-02 11:15:13,158 [INFO] canales_suramerica: ESPN 4 (America/Bogota): 0 eventos confirmados para hoy
2026-10-02 11:15:13,923 [INFO] canales_suramerica: ESPN 5 (America/Bogota): 1 eventos confirmados para hoy
2026-10-02 11:15:16,170 [INFO] canales_suramerica: DSPORTS (America/Bogota): 0 eventos confirmados para hoy
2026-10-02 11:15:16,713 [INFO] canales_suramerica: ESPN (America/Argentina/Buenos_Aires): 1 eventos confirmados para hoy
2026-10-02 11:15:18,460 [INFO] canales_suramerica: ESPN 2 (America/Argentina/Buenos_Aires): 2 eventos confirmados para hoy
2026-10-02 11:15:19,467 [INFO] canales_suramerica: ESPN 3 (America/Argentina/Buenos_Aires): 1 eventos confirmados para hoy
2026-10-02 11:15:20,238 [INFO] canales_suramerica: ESPN 4 (America/Argentina/Buenos_Aires): 0 eventos confirmados para hoy
2026-10-02 11:15:20,793 [INFO] canales_suramerica: ESPN PREMIUM ARGENTINA (America/Argentina/Buenos_Aires): 2 eventos confirmados para hoy
2026-10-02 11:15:23,172 [INFO] canales_suramerica: TYC SPORTS (America/Argentina/Buenos_Aires): 1 eventos confirmados para hoy
2026-10-02 11:15:25,188 [INFO] canales_suramerica: TNT SPORTS (America/Argentina/Buenos_Aires): 1 eventos confirmados para hoy
2026-10-02 11:15:25,189 [INFO] gestor_agenda: Adaptador 'suramerica': 15 eventos obtenidos
2026-10-02 11:15:25,195 [INFO] gestor_agenda: Agenda Maestra consolidada para hoy (2026-10-02): 143 eventos unicos
2026-10-02 11:15:25,198 [INFO] curador_eventos: Cargados 729 canales desde cache local: canales_xtream_cache.json
2026-10-02 11:15:25,231 [INFO] inyector_lineales: Canales lineales Xtream indexados (limpios): {'WIN SPORTS+': 5, 'WIN SPORTS': 4, 'DSPORTS 2': 9, 'DSPORTS +': 6, 'DSPORTS': 12, 'ESPN PREMIUM ARGENTINA': 3, 'ESPN 2': 3, 'ESPN 3': 5, 'ESPN 4': 1, 'ESPN 5': 1, 'ESPN': 8, 'TYC SPORTS': 4, 'TNT SPORTS': 5, 'EUROSPORT 1': 4, 'EUROSPORT 2': 3, 'DAZN 1': 6, 'DAZN 2': 6, 'MOVISTAR #VAMOS': 3, 'MOVISTAR DEPORTES': 2, 'M+ LIGA DE CAMPEONES': 6, 'SKY SPORTS FOOTBALL': 1, 'SKY SPORTS GOLF': 1}
2026-10-02 11:15:50,928 [INFO] inyector_lineales: Total eventos lineales inyectados con streams: 120
2026-10-02 11:15:50,935 [INFO] curador_eventos: Streams de eventos Xtream procesados: 0 aceptados, 242 descartados
2026-10-02 11:15:50,948 [INFO] curador_eventos: === CURACION COMPLETADA CON EXITO ===
2026-10-02 11:15:50,948 [INFO] curador_eventos: Eventos publicados: 120 | Descartados: 242
=== [Fri Oct  2 11:15:50 UTC 2026] Verificando integridad de eventos_hoy.json ===
OK: 120 eventos verificados, 0 colisiones de ID
=== [Fri Oct  2 11:15:51 UTC 2026] Publicando cambios a GitHub ===
[main 729f84a] Cartelera deportiva actualizada 2026-10-02 11:15 UTC
 2 files changed, 269 insertions(+), 258 deletions(-)
From github.com:alenkhan1/tv-curador-magico
 * branch            main       -> FETCH_HEAD
Current branch main is up to date.
To github.com:alenkhan1/tv-curador-magico.git
   f0d092d..729f84a  main -> main
=== [Fri Oct  2 11:15:55 UTC 2026] Cambios publicados con exito en GitHub ===
=== [Fri Oct  2 11:45:01 UTC 2026] Sincronizando con origin/main ===
From github.com:alenkhan1/tv-curador-magico
 * branch            main       -> FETCH_HEAD
Current branch main is up to date.
=== [Fri Oct  2 11:45:03 UTC 2026] Ejecutando Curador Deportivo Limpio ===
2026-10-02 11:45:03,139 [INFO] curador_eventos: === INICIANDO CURACION DEPORTIVA MULTIFUENTE (2026-10-02) ===
2026-10-02 11:45:03,654 [INFO] adaptador_espana: Movistar Plus: 29 directos extraidos
2026-10-02 11:45:03,654 [INFO] gestor_agenda: Adaptador 'movistar': 29 eventos obtenidos
2026-10-02 11:45:04,021 [INFO] adaptador_espana: Eurosport (MundoDeportivo): 7 directos confirmados
2026-10-02 11:45:04,022 [INFO] gestor_agenda: Adaptador 'eurosport': 7 eventos obtenidos
2026-10-02 11:45:04,248 [INFO] canales_suramerica: DAZN 1 (Europe/Madrid): 65 eventos confirmados para hoy
2026-10-02 11:45:04,625 [INFO] adaptador_skysports: Sky Sports UK: 0 directos extraidos
2026-10-02 11:45:04,625 [INFO] gestor_agenda: Adaptador 'sky_sports': 0 eventos obtenidos
2026-10-02 11:45:04,785 [INFO] adaptador_espana: DAZN España (exclusivo hoy): 100 directos confirmados
2026-10-02 11:45:04,786 [INFO] gestor_agenda: Adaptador 'dazn_es': 100 eventos obtenidos
2026-10-02 11:45:05,637 [INFO] canales_suramerica: WIN SPORTS+ (America/Bogota): 2 eventos confirmados para hoy
2026-10-02 11:45:06,691 [INFO] canales_suramerica: WIN SPORTS (America/Bogota): 0 eventos confirmados para hoy
2026-10-02 11:45:08,499 [INFO] canales_suramerica: ESPN (America/Bogota): 1 eventos confirmados para hoy
2026-10-02 11:45:10,524 [INFO] canales_suramerica: ESPN 2 (America/Bogota): 3 eventos confirmados para hoy
2026-10-02 11:45:11,496 [INFO] canales_suramerica: ESPN 4 (America/Bogota): 0 eventos confirmados para hoy
2026-10-02 11:45:12,347 [INFO] canales_suramerica: ESPN 5 (America/Bogota): 1 eventos confirmados para hoy
2026-10-02 11:45:14,538 [INFO] canales_suramerica: DSPORTS (America/Bogota): 0 eventos confirmados para hoy
2026-10-02 11:45:16,552 [INFO] canales_suramerica: ESPN (America/Argentina/Buenos_Aires): 1 eventos confirmados para hoy
2026-10-02 11:45:18,929 [INFO] canales_suramerica: ESPN 2 (America/Argentina/Buenos_Aires): 2 eventos confirmados para hoy
2026-10-02 11:45:21,353 [INFO] canales_suramerica: ESPN 3 (America/Argentina/Buenos_Aires): 1 eventos confirmados para hoy
2026-10-02 11:45:22,307 [INFO] canales_suramerica: ESPN 4 (America/Argentina/Buenos_Aires): 0 eventos confirmados para hoy
2026-10-02 11:45:23,846 [INFO] canales_suramerica: ESPN PREMIUM ARGENTINA (America/Argentina/Buenos_Aires): 2 eventos confirmados para hoy
2026-10-02 11:45:24,416 [INFO] canales_suramerica: TYC SPORTS (America/Argentina/Buenos_Aires): 1 eventos confirmados para hoy
2026-10-02 11:45:25,743 [INFO] canales_suramerica: TNT SPORTS (America/Argentina/Buenos_Aires): 1 eventos confirmados para hoy
2026-10-02 11:45:25,743 [INFO] gestor_agenda: Adaptador 'suramerica': 15 eventos obtenidos
2026-10-02 11:45:25,750 [INFO] gestor_agenda: Agenda Maestra consolidada para hoy (2026-10-02): 143 eventos unicos
2026-10-02 11:45:25,753 [INFO] curador_eventos: Cargados 729 canales desde cache local: canales_xtream_cache.json
2026-10-02 11:45:25,785 [INFO] inyector_lineales: Canales lineales Xtream indexados (limpios): {'WIN SPORTS+': 5, 'WIN SPORTS': 4, 'DSPORTS 2': 9, 'DSPORTS +': 6, 'DSPORTS': 12, 'ESPN PREMIUM ARGENTINA': 3, 'ESPN 2': 3, 'ESPN 3': 5, 'ESPN 4': 1, 'ESPN 5': 1, 'ESPN': 8, 'TYC SPORTS': 4, 'TNT SPORTS': 5, 'EUROSPORT 1': 4, 'EUROSPORT 2': 3, 'DAZN 1': 6, 'DAZN 2': 6, 'MOVISTAR #VAMOS': 3, 'MOVISTAR DEPORTES': 2, 'M+ LIGA DE CAMPEONES': 6, 'SKY SPORTS FOOTBALL': 1, 'SKY SPORTS GOLF': 1}
2026-10-02 11:45:51,398 [INFO] inyector_lineales: Total eventos lineales inyectados con streams: 120
2026-10-02 11:45:51,404 [INFO] curador_eventos: Streams de eventos Xtream procesados: 0 aceptados, 242 descartados
2026-10-02 11:45:51,416 [INFO] curador_eventos: === CURACION COMPLETADA CON EXITO ===
2026-10-02 11:45:51,417 [INFO] curador_eventos: Eventos publicados: 120 | Descartados: 242
=== [Fri Oct  2 11:45:51 UTC 2026] Verificando integridad de eventos_hoy.json ===
OK: 120 eventos verificados, 0 colisiones de ID
=== [Fri Oct  2 11:45:51 UTC 2026] Publicando cambios a GitHub ===
[main 2afd070] Cartelera deportiva actualizada 2026-10-02 11:45 UTC
 2 files changed, 6 insertions(+), 4 deletions(-)
From github.com:alenkhan1/tv-curador-magico
 * branch            main       -> FETCH_HEAD
Current branch main is up to date.
To github.com:alenkhan1/tv-curador-magico.git
   729f84a..2afd070  main -> main
=== [Fri Oct  2 11:45:56 UTC 2026] Cambios publicados con exito en GitHub ===
=== [Fri Oct  2 12:15:01 UTC 2026] Sincronizando con origin/main ===
From github.com:alenkhan1/tv-curador-magico
 * branch            main       -> FETCH_HEAD
Current branch main is up to date.
=== [Fri Oct  2 12:15:03 UTC 2026] Ejecutando Curador Deportivo Limpio ===
2026-10-02 12:15:03,579 [INFO] curador_eventos: === INICIANDO CURACION DEPORTIVA MULTIFUENTE (2026-10-02) ===
2026-10-02 12:15:03,971 [INFO] adaptador_espana: Movistar Plus: 29 directos extraidos
2026-10-02 12:15:03,971 [INFO] gestor_agenda: Adaptador 'movistar': 29 eventos obtenidos
2026-10-02 12:15:04,235 [INFO] canales_suramerica: WIN SPORTS+ (America/Bogota): 2 eventos confirmados para hoy
2026-10-02 12:15:04,946 [INFO] adaptador_skysports: Sky Sports UK: 0 directos extraidos
2026-10-02 12:15:04,946 [INFO] gestor_agenda: Adaptador 'sky_sports': 0 eventos obtenidos
2026-10-02 12:15:04,985 [INFO] adaptador_espana: Eurosport (MundoDeportivo): 7 directos confirmados
2026-10-02 12:15:04,986 [INFO] gestor_agenda: Adaptador 'eurosport': 7 eventos obtenidos
2026-10-02 12:15:06,034 [INFO] canales_suramerica: WIN SPORTS (America/Bogota): 0 eventos confirmados para hoy
2026-10-02 12:15:08,708 [INFO] canales_suramerica: ESPN (America/Bogota): 1 eventos confirmados para hoy
2026-10-02 12:15:10,790 [INFO] canales_suramerica: ESPN 2 (America/Bogota): 3 eventos confirmados para hoy
2026-10-02 12:15:11,811 [INFO] canales_suramerica: ESPN 4 (America/Bogota): 0 eventos confirmados para hoy
2026-10-02 12:15:12,525 [INFO] canales_suramerica: DAZN 1 (Europe/Madrid): 65 eventos confirmados para hoy
2026-10-02 12:15:12,662 [INFO] canales_suramerica: ESPN 5 (America/Bogota): 1 eventos confirmados para hoy
2026-10-02 12:15:13,042 [INFO] adaptador_espana: DAZN España (exclusivo hoy): 100 directos confirmados
2026-10-02 12:15:13,042 [INFO] gestor_agenda: Adaptador 'dazn_es': 100 eventos obtenidos
2026-10-02 12:15:14,315 [INFO] canales_suramerica: DSPORTS (America/Bogota): 0 eventos confirmados para hoy
2026-10-02 12:15:17,474 [INFO] canales_suramerica: ESPN (America/Argentina/Buenos_Aires): 1 eventos confirmados para hoy
2026-10-02 12:15:20,778 [INFO] canales_suramerica: ESPN 2 (America/Argentina/Buenos_Aires): 2 eventos confirmados para hoy
2026-10-02 12:15:22,187 [INFO] canales_suramerica: ESPN 3 (America/Argentina/Buenos_Aires): 1 eventos confirmados para hoy
2026-10-02 12:15:23,128 [INFO] canales_suramerica: ESPN 4 (America/Argentina/Buenos_Aires): 0 eventos confirmados para hoy
2026-10-02 12:15:24,857 [INFO] canales_suramerica: ESPN PREMIUM ARGENTINA (America/Argentina/Buenos_Aires): 2 eventos confirmados para hoy
2026-10-02 12:15:27,014 [INFO] canales_suramerica: TYC SPORTS (America/Argentina/Buenos_Aires): 1 eventos confirmados para hoy
2026-10-02 12:15:28,148 [INFO] canales_suramerica: TNT SPORTS (America/Argentina/Buenos_Aires): 1 eventos confirmados para hoy
2026-10-02 12:15:28,148 [INFO] gestor_agenda: Adaptador 'suramerica': 15 eventos obtenidos
2026-10-02 12:15:28,154 [INFO] gestor_agenda: Agenda Maestra consolidada para hoy (2026-10-02): 143 eventos unicos
2026-10-02 12:15:28,158 [INFO] curador_eventos: Cargados 729 canales desde cache local: canales_xtream_cache.json
2026-10-02 12:15:28,190 [INFO] inyector_lineales: Canales lineales Xtream indexados (limpios): {'WIN SPORTS+': 5, 'WIN SPORTS': 4, 'DSPORTS 2': 9, 'DSPORTS +': 6, 'DSPORTS': 12, 'ESPN PREMIUM ARGENTINA': 3, 'ESPN 2': 3, 'ESPN 3': 5, 'ESPN 4': 1, 'ESPN 5': 1, 'ESPN': 8, 'TYC SPORTS': 4, 'TNT SPORTS': 5, 'EUROSPORT 1': 4, 'EUROSPORT 2': 3, 'DAZN 1': 6, 'DAZN 2': 6, 'MOVISTAR #VAMOS': 3, 'MOVISTAR DEPORTES': 2, 'M+ LIGA DE CAMPEONES': 6, 'SKY SPORTS FOOTBALL': 1, 'SKY SPORTS GOLF': 1}
2026-10-02 12:15:51,335 [INFO] inyector_lineales: Total eventos lineales inyectados con streams: 120
2026-10-02 12:15:51,341 [INFO] curador_eventos: Streams de eventos Xtream procesados: 0 aceptados, 242 descartados
2026-10-02 12:15:51,354 [INFO] curador_eventos: === CURACION COMPLETADA CON EXITO ===
2026-10-02 12:15:51,354 [INFO] curador_eventos: Eventos publicados: 120 | Descartados: 242
=== [Fri Oct  2 12:15:51 UTC 2026] Verificando integridad de eventos_hoy.json ===
OK: 120 eventos verificados, 0 colisiones de ID
=== [Fri Oct  2 12:15:51 UTC 2026] Publicando cambios a GitHub ===
[main 52ef6cb] Cartelera deportiva actualizada 2026-10-02 12:15 UTC
 2 files changed, 6 insertions(+), 4 deletions(-)
From github.com:alenkhan1/tv-curador-magico
 * branch            main       -> FETCH_HEAD
Current branch main is up to date.
To github.com:alenkhan1/tv-curador-magico.git
   2afd070..52ef6cb  main -> main
=== [Fri Oct  2 12:15:55 UTC 2026] Cambios publicados con exito en GitHub ===
=== [Fri Oct  2 12:45:01 UTC 2026] Sincronizando con origin/main ===
From github.com:alenkhan1/tv-curador-magico
 * branch            main       -> FETCH_HEAD
Current branch main is up to date.
=== [Fri Oct  2 12:45:03 UTC 2026] Ejecutando Curador Deportivo Limpio ===
2026-10-02 12:45:03,571 [INFO] curador_eventos: === INICIANDO CURACION DEPORTIVA MULTIFUENTE (2026-10-02) ===
2026-10-02 12:45:04,069 [INFO] adaptador_espana: Movistar Plus: 29 directos extraidos
2026-10-02 12:45:04,069 [INFO] gestor_agenda: Adaptador 'movistar': 29 eventos obtenidos
2026-10-02 12:45:04,586 [INFO] adaptador_espana: Eurosport (MundoDeportivo): 7 directos confirmados
2026-10-02 12:45:04,586 [INFO] gestor_agenda: Adaptador 'eurosport': 7 eventos obtenidos
2026-10-02 12:45:04,939 [INFO] canales_suramerica: DAZN 1 (Europe/Madrid): 65 eventos confirmados para hoy
2026-10-02 12:45:05,246 [INFO] adaptador_skysports: Sky Sports UK: 0 directos extraidos
2026-10-02 12:45:05,246 [INFO] gestor_agenda: Adaptador 'sky_sports': 0 eventos obtenidos
2026-10-02 12:45:05,480 [INFO] adaptador_espana: DAZN España (exclusivo hoy): 100 directos confirmados
2026-10-02 12:45:05,480 [INFO] gestor_agenda: Adaptador 'dazn_es': 100 eventos obtenidos
2026-10-02 12:45:14,119 [INFO] canales_suramerica: WIN SPORTS+ (America/Bogota): 2 eventos confirmados para hoy
2026-10-02 12:45:14,487 [INFO] canales_suramerica: WIN SPORTS (America/Bogota): 0 eventos confirmados para hoy
2026-10-02 12:45:26,591 [WARNING] canales_suramerica: No se pudo descargar ESPN (https://www.futbolenvivocolombia.com/canal/espn-colombia): The read operation timed out
2026-10-02 12:45:26,948 [INFO] canales_suramerica: ESPN 2 (America/Bogota): 3 eventos confirmados para hoy
2026-10-02 12:45:27,403 [INFO] canales_suramerica: ESPN 4 (America/Bogota): 0 eventos confirmados para hoy
2026-10-02 12:45:28,590 [INFO] canales_suramerica: ESPN 5 (America/Bogota): 1 eventos confirmados para hoy
2026-10-02 12:45:31,794 [INFO] canales_suramerica: DSPORTS (America/Bogota): 0 eventos confirmados para hoy
2026-10-02 12:45:37,984 [INFO] canales_suramerica: ESPN (America/Argentina/Buenos_Aires): 1 eventos confirmados para hoy
2026-10-02 12:45:45,518 [INFO] canales_suramerica: ESPN 2 (America/Argentina/Buenos_Aires): 2 eventos confirmados para hoy
2026-10-02 12:45:48,624 [INFO] canales_suramerica: ESPN 3 (America/Argentina/Buenos_Aires): 1 eventos confirmados para hoy
2026-10-02 12:45:49,458 [INFO] canales_suramerica: ESPN 4 (America/Argentina/Buenos_Aires): 0 eventos confirmados para hoy
2026-10-02 12:45:49,802 [INFO] canales_suramerica: ESPN PREMIUM ARGENTINA (America/Argentina/Buenos_Aires): 2 eventos confirmados para hoy
2026-10-02 12:45:52,353 [INFO] canales_suramerica: TYC SPORTS (America/Argentina/Buenos_Aires): 1 eventos confirmados para hoy
2026-10-02 12:45:52,755 [INFO] canales_suramerica: TNT SPORTS (America/Argentina/Buenos_Aires): 1 eventos confirmados para hoy
2026-10-02 12:45:52,755 [INFO] gestor_agenda: Adaptador 'suramerica': 14 eventos obtenidos
2026-10-02 12:45:52,761 [INFO] gestor_agenda: Agenda Maestra consolidada para hoy (2026-10-02): 143 eventos unicos
2026-10-02 12:45:52,764 [INFO] curador_eventos: Cargados 729 canales desde cache local: canales_xtream_cache.json
2026-10-02 12:45:52,796 [INFO] inyector_lineales: Canales lineales Xtream indexados (limpios): {'WIN SPORTS+': 5, 'WIN SPORTS': 4, 'DSPORTS 2': 9, 'DSPORTS +': 6, 'DSPORTS': 12, 'ESPN PREMIUM ARGENTINA': 3, 'ESPN 2': 3, 'ESPN 3': 5, 'ESPN 4': 1, 'ESPN 5': 1, 'ESPN': 8, 'TYC SPORTS': 4, 'TNT SPORTS': 5, 'EUROSPORT 1': 4, 'EUROSPORT 2': 3, 'DAZN 1': 6, 'DAZN 2': 6, 'MOVISTAR #VAMOS': 3, 'MOVISTAR DEPORTES': 2, 'M+ LIGA DE CAMPEONES': 6, 'SKY SPORTS FOOTBALL': 1, 'SKY SPORTS GOLF': 1}
2026-10-02 12:46:13,836 [INFO] inyector_lineales: Total eventos lineales inyectados con streams: 120
2026-10-02 12:46:13,842 [INFO] curador_eventos: Streams de eventos Xtream procesados: 0 aceptados, 242 descartados
2026-10-02 12:46:13,854 [INFO] curador_eventos: === CURACION COMPLETADA CON EXITO ===
2026-10-02 12:46:13,855 [INFO] curador_eventos: Eventos publicados: 120 | Descartados: 242
=== [Fri Oct  2 12:46:13 UTC 2026] Verificando integridad de eventos_hoy.json ===
OK: 120 eventos verificados, 0 colisiones de ID
=== [Fri Oct  2 12:46:13 UTC 2026] Publicando cambios a GitHub ===
[main 0d267b7] Cartelera deportiva actualizada 2026-10-02 12:46 UTC
 2 files changed, 17 insertions(+), 12 deletions(-)
From github.com:alenkhan1/tv-curador-magico
 * branch            main       -> FETCH_HEAD
Current branch main is up to date.
To github.com:alenkhan1/tv-curador-magico.git
   52ef6cb..0d267b7  main -> main
=== [Fri Oct  2 12:46:17 UTC 2026] Cambios publicados con exito en GitHub ===
=== [Fri Oct  2 13:15:01 UTC 2026] Sincronizando con origin/main ===
From github.com:alenkhan1/tv-curador-magico
 * branch            main       -> FETCH_HEAD
error: cannot rebase: You have unstaged changes.
error: Please commit or stash them.
fatal: No rebase in progress?
